mplayer2
PyQt
QScintilla
a52dec
aalib
acl
acpid
agg
agilialinux-version
alsa-lib
alsa-oss
alsa-utils
anthy
apitrace
apr
apr-util
atk
atkmm
attr
audiofile
autoconf
automake
awesome
awstats
babl
bash
bash-completion
bc
bchunk
bigreqsproto
bin
binutils
bison
boost
btrfs-progs
bzip2
cabextract
cairo
cairomm
capt
ccache
cdparanoia
cdrtools
celt
cifs-utils
cloog
cmake
compositeproto
coreutils
cpio
cppunit
ctpl
cups
curl
cxxlibs
cyrus-sasl
damageproto
dbus
dbus-glib
dcron
dejavu-fonts-ttf
desktop-file-utils
desmume
device-mapper
devil
dialog
diffutils
django
django-debug-toolbar
djview4
djvulibre
dmapi
dmidecode
dmxproto
docbook-xml
dosbox
dosfstools
dovecot
doxygen
dri2proto
droid-fonts-ttf
dropbox
dropbox-cli
dvd+rw-tools
e2fsprogs
eclipse
ed
elfutils
enca
eric4
etc
expat
expect
faac
faad2
fakechroot
fakeroot
fbida
fbset
#fbshot
feh
ffmpeg
fftw
file
findutils
fixesproto
flac
flash-player
flex
font-alias
font-util
fontcacheproto
fontconfig
fontsproto
freeglut
freetype
fribidi
fuse
gamin
gawk
gcc
gcc-g++
gcc-gfortran
gcc-gnat
gcc-java
gcc-objc
gccmakedep
gd
gdb
gdbm
gdk-pixbuf
geany
geany-plugins
gegl
gettext
getty-ps
gftp
ghostscript
gsfonts
giblib
giflib
gifsicle
gimp
git
glew
glib
glib2
glibc
glibc-i18n
glibc-solibs
glibc-zoneinfo
glibmm
glm
glproto
gmp
gnupg
gnutls
gobject-introspection
gparted
gperf
gpgme
gphoto2
gpm
gprename
graphite2
graphviz
grep
groff
grub
gsm
gst-plugins-base
gstreamer
gtk+2
gtk-update-icon-cache
gtkglext
gtkmm
gzip
hdparm
hexedit
hicolor-icon-theme
hsetroot
htop
httpd
hunspell
icedtea-web
icu4c
ilmbase
imagemagick
imlib2
infozip
inotify-tools
inputproto
intltool
iproute2
iptables
iputils
ipython
isl
jasper
jdk
jdk-openjdk
jfsutils
jinja
joystick
jre
jre-openjdk
judy
kakasi
kbd
kbproto
kernel
kernel-firmware
kernel-headers
kernel-source
kmod
krb5
lame
lcms
lcms2
less
lesstif
lha
libFS
libICE
libSM
libX11
libXScrnSaver
libXTrap
libXau
libXaw
libXcomposite
libXcursor
libXdamage
libXdmcp
libXevie
libXext
libXfixes
libXfont
libXfontcache
libXft
libXi
libXinerama
libXmu
libXp
libXpm
libXrandr
libXrender
libXres
libXt
libXtst
libXv
libXvMC
libXxf86dga
libXxf86misc
libXxf86vm
libaio
libao
libarchive
libass
libaudit
libavc1394
libcap
libcddb
libcdio
libdaemon
libdca
libdrm
libdv
liberation-fonts-ttf
libev
libevent
libexif
libffado
libffi
libfontenc
libgcrypt
libgl-nvidia
libglade
libglx-nvidia
libgpg-error
libgphoto2
libid3tag
libidn
libiec61883
libieee1284
libisofs
libjpeg-turbo
libksba
liblqr
libmad
libmcrypt
libmikmod
libmng
libmp4v2
libmpc
libmysqlclient
libnl
libnotify
libogg
libpcap
libpciaccess
libpng
libproxy
libpthread-stubs
libraw1394
librsvg
libsamplerate
libsexy
libsigc++
libsndfile
libssh2
libtasn1
libtermcap
libtheora
libtiff
libtool
libtorrent
libtxc_dxtn
libusb
libusb1
libva
libvdpau
libvisual
libvorbis
libvpx
libwbclient
libwmf
#libwpd
#libwpg
#libwps
libwww-perl
libxcb
libxdg-basedir
libxkbfile
libxml++
libxml2
libxslt
links
linux-firmware
linux-pam
linuxdoc-tools
logrotate
love
lsof
lua
lvm2
lzo
m4
mailx
make
makedepend
man-db
man-pages
man-pages-ru
matplotlib
mc
mcrypt
memcached
mencoder
mercurial
mesa
mesa-demos
mhash
microblog-purple
miredo
mkfontdir
mkfontscale
mklivecd
mkpkg
mkpkg-vercmp
mlocate
mm
mod_wsgi
module-init-tools
mozilla-firefox
mpfr
mpkg-console
mpkg-core
mpkg-i18n
mpkgsupport
mtdev
mtools
mumble
mysql
mysql-python
mythes
nano
nc
ncompress
ncurses
neon
net-snmp
net-tools
network-scripts
nfs-utils
nmap
notify-python
nspr
nss
ntfs-3g
ntfsprogs
ntp
numpy
nvidia-cg-toolkit
nvidia-driver
nvidia-kernel
nwidgets
openal
opencl-headers
opencore-amr
openexr
openjpeg
openldap
openrc
openslp
openssh
openssl
openssl-solibs
opera
orc
os-prober
p7zip
pango
pangomm
parted
patch
pciutils
pcre
perl
perl-locale-gettext
perl-cairo
perl-extutils-depends
perl-extutils-pkgconfig
perl-glib
perl-gtk2
perl-libintl
perl-pango
perl-uri
perl-xml-parser
#php
#phpmyadmin
pidgin
pil
pixman
pkg-config
pm-utils
poppler
popt
postfix
postgresql
ppl
printproto
privoxy
procps
protobuf
pth
pv
pwgen
pygame
pygments
pygtk
pysetuptools
python
python-beautifulsoup
python-cairo
python-docutils
python-gobject
python-opengl
python-south
python-sphinx
python-urwid
qjoypad
qt-creator
qt4
randrproto
raptor2
rasqal
readline
recordproto
redland
reiserfsprogs
renderproto
resourceproto
rpcbind
rpm
rsync
rtmpdump
rtorrent
samba
sane
sazanami-fonts-ttf
schroedinger
scons
screen
scrnsaverproto
scrot
sdl
sdl_gfx
sdl_image
sdl_mixer
sdl_net
sdl_ttf
sdparm
seamonkey
sed
setxkbmap
shadow
shared-mime-info
sharutils
sinhala_lklug-font-ttf
sip
skype
slang
smartmontools
smbclient
soundtouch
speex
splintermind-attributes
sqlite
squashfs-tools
startup-notification
steam
strace
subversion
sudo
svgalib
sylpheed
sysfsutils
sysklogd
syslinux
sysvinit
t1lib
talloc
tango-icon-theme
tar
tcl
tdb
terminus-fonts-console
terminus-fonts-x11
testdisk
texinfo
time
timidity++
tk
tor
trapproto
tree
twm
twolame
ubuntu-font-family
udev
uim
unixodbc
unrar
usbutils
utempter
util-linux-ng
util-macros
v4l-utils
valgrind
videoproto
vim
virtualbox
virtualbox-extpack
virtualbox-kernel
webcore-fonts
wget
which
wine
winetricks
wqy-zenhei-font-ttf
wxwidgets
x264
xauth
xaw3d
xcalc
xcb-proto
xcb-util
xcb-util-image
xcb-util-keysyms
xcb-util-renderutil
xcb-util-wm
xclip
xclock
xcmiscproto
xdg-utils
xdm
xextproto
xf86-input-evdev
xf86-input-keyboard
xf86-input-mouse
xf86-input-vmmouse
xf86-video-intel
xf86-video-vesa
xf86bigfontproto
xf86dga
xf86dgaproto
xf86driproto
xf86miscproto
xf86rushproto
xf86vidmodeproto
xfontsel
xfsprogs
xineramaproto
xinit
xkbcomp
xkeyboard-config
xlsfonts
xmessage
xmpppy
xorg-fonts
xorg-server
xorg-server-xvfb
xpdf
xprop
xproto
xproxymanagementprotocol
xrandr
xrdb
xsane
xset
xterm
xulrunner
xulrunner-devel
xvidcore
xvinfo
xwininfo
xz
xzgv
yajl
yasm
zenity
zlib
